Traceback (most recent call last):
  File "/home/hightech/homeimp.quantumcoresoftware.com/home_improvement/passenger_wsgi.py", line 21, in <module>
    application = get_wsgi_application()
  File "/home/hightech/virtualenv/homeimp.quantumcoresoftware.com/home_improvement/3.10/lib/python3.10/site-packages/django/core/wsgi.py", line 12, in get_wsgi_application
    django.setup(set_prefix=False)
  File "/home/hightech/virtualenv/homeimp.quantumcoresoftware.com/home_improvement/3.10/lib/python3.10/site-packages/django/__init__.py", line 19, in setup
    configure_logging(settings.LOGGING_CONFIG, settings.LOGGING)
  File "/home/hightech/virtualenv/homeimp.quantumcoresoftware.com/home_improvement/3.10/lib/python3.10/site-packages/django/conf/__init__.py", line 81, in __getattr__
    self._setup(name)
  File "/home/hightech/virtualenv/homeimp.quantumcoresoftware.com/home_improvement/3.10/lib/python3.10/site-packages/django/conf/__init__.py", line 68, in _setup
    self._wrapped = Settings(settings_module)
  File "/home/hightech/virtualenv/homeimp.quantumcoresoftware.com/home_improvement/3.10/lib/python3.10/site-packages/django/conf/__init__.py", line 166, in __init__
    mod = importlib.import_module(self.SETTINGS_MODULE)
  File "/opt/alt/python310/lib64/python3.10/importlib/__init__.py", line 126, in import_module
    return _bootstrap._gcd_import(name[level:], package, level)
  File "<frozen importlib._bootstrap>", line 1050, in _gcd_import
  File "<frozen importlib._bootstrap>", line 1027, in _find_and_load
  File "<frozen importlib._bootstrap>", line 1006, in _find_and_load_unlocked
  File "<frozen importlib._bootstrap>", line 688, in _load_unlocked
  File "<frozen importlib._bootstrap_external>", line 883, in exec_module
  File "<frozen importlib._bootstrap>", line 241, in _call_with_frames_removed
  File "/home/hightech/homeimp.quantumcoresoftware.com/home_improvement/home_improvement/settings.py", line 15, in <module>
    from decouple import config
ModuleNotFoundError: No module named 'decouple'
Traceback (most recent call last):
  File "/home/hightech/homeimp.quantumcoresoftware.com/home_improvement/passenger_wsgi.py", line 21, in <module>
    application = get_wsgi_application()
  File "/home/hightech/virtualenv/homeimp.quantumcoresoftware.com/home_improvement/3.10/lib/python3.10/site-packages/django/core/wsgi.py", line 12, in get_wsgi_application
    django.setup(set_prefix=False)
  File "/home/hightech/virtualenv/homeimp.quantumcoresoftware.com/home_improvement/3.10/lib/python3.10/site-packages/django/__init__.py", line 19, in setup
    configure_logging(settings.LOGGING_CONFIG, settings.LOGGING)
  File "/home/hightech/virtualenv/homeimp.quantumcoresoftware.com/home_improvement/3.10/lib/python3.10/site-packages/django/conf/__init__.py", line 81, in __getattr__
    self._setup(name)
  File "/home/hightech/virtualenv/homeimp.quantumcoresoftware.com/home_improvement/3.10/lib/python3.10/site-packages/django/conf/__init__.py", line 68, in _setup
    self._wrapped = Settings(settings_module)
  File "/home/hightech/virtualenv/homeimp.quantumcoresoftware.com/home_improvement/3.10/lib/python3.10/site-packages/django/conf/__init__.py", line 166, in __init__
    mod = importlib.import_module(self.SETTINGS_MODULE)
  File "/opt/alt/python310/lib64/python3.10/importlib/__init__.py", line 126, in import_module
    return _bootstrap._gcd_import(name[level:], package, level)
  File "<frozen importlib._bootstrap>", line 1050, in _gcd_import
  File "<frozen importlib._bootstrap>", line 1027, in _find_and_load
  File "<frozen importlib._bootstrap>", line 1006, in _find_and_load_unlocked
  File "<frozen importlib._bootstrap>", line 688, in _load_unlocked
  File "<frozen importlib._bootstrap_external>", line 883, in exec_module
  File "<frozen importlib._bootstrap>", line 241, in _call_with_frames_removed
  File "/home/hightech/homeimp.quantumcoresoftware.com/home_improvement/home_improvement/settings.py", line 15, in <module>
    from decouple import config
ModuleNotFoundError: No module named 'decouple'
[UID:1788][1337111] Child process with pid: 1337142 was killed by signal: 15, core dumped: no
Traceback (most recent call last):
  File "/home/hightech/homeimp.quantumcoresoftware.com/home_improvement/passenger_wsgi.py", line 21, in <module>
    application = get_wsgi_application()
  File "/home/hightech/virtualenv/homeimp.quantumcoresoftware.com/home_improvement/3.10/lib/python3.10/site-packages/django/core/wsgi.py", line 12, in get_wsgi_application
    django.setup(set_prefix=False)
  File "/home/hightech/virtualenv/homeimp.quantumcoresoftware.com/home_improvement/3.10/lib/python3.10/site-packages/django/__init__.py", line 19, in setup
    configure_logging(settings.LOGGING_CONFIG, settings.LOGGING)
  File "/home/hightech/virtualenv/homeimp.quantumcoresoftware.com/home_improvement/3.10/lib/python3.10/site-packages/django/conf/__init__.py", line 81, in __getattr__
    self._setup(name)
  File "/home/hightech/virtualenv/homeimp.quantumcoresoftware.com/home_improvement/3.10/lib/python3.10/site-packages/django/conf/__init__.py", line 68, in _setup
    self._wrapped = Settings(settings_module)
  File "/home/hightech/virtualenv/homeimp.quantumcoresoftware.com/home_improvement/3.10/lib/python3.10/site-packages/django/conf/__init__.py", line 166, in __init__
    mod = importlib.import_module(self.SETTINGS_MODULE)
  File "/opt/alt/python310/lib64/python3.10/importlib/__init__.py", line 126, in import_module
    return _bootstrap._gcd_import(name[level:], package, level)
  File "<frozen importlib._bootstrap>", line 1050, in _gcd_import
  File "<frozen importlib._bootstrap>", line 1027, in _find_and_load
  File "<frozen importlib._bootstrap>", line 1006, in _find_and_load_unlocked
  File "<frozen importlib._bootstrap>", line 688, in _load_unlocked
  File "<frozen importlib._bootstrap_external>", line 883, in exec_module
  File "<frozen importlib._bootstrap>", line 241, in _call_with_frames_removed
  File "/home/hightech/homeimp.quantumcoresoftware.com/home_improvement/home_improvement/settings.py", line 15, in <module>
    from decouple import config
ModuleNotFoundError: No module named 'decouple'
[UID:1788][1337111] Child process with pid: 1337159 was killed by signal: 15, core dumped: no
Not Found: /favicon.ico
Not Found: /favicon.ico
Forbidden (CSRF cookie not set.): /
Forbidden (CSRF cookie not set.): /
Not Found: /favicon.ico
Forbidden (CSRF cookie not set.): /
Not Found: /favicon.ico
Forbidden (CSRF cookie not set.): /
Not Found: /favicon.ico
Forbidden (CSRF cookie not set.): /
Not Found: /favicon.ico
Not Found: /favicon.ico
Not Found: /favicon.ico
Not Found: /favicon.ico
Not Found: /favicon.ico
Not Found: /favicon.ico
Not Found: /favicon.ico
Not Found: /favicon.ico
